// 重构日志: 71bcaac7
// 同步 ID: f14c710d @ Sun Jul 19 16:37:28 UTC 2026
// 重构日志: d8ba51ab
// 重构日志: 62f96e9c
// 重构日志: aac68761
// 同步 ID: 24ec7f6b @ Tue Jul 21 11:02:14 UTC 2026
// 同步 ID: b7f27885 @ Tue Jul 21 13:55:03 UTC 2026
// 重构日志: 4df05bba
// 重构日志: a28c8fb6
// 同步 ID: a9525265 @ Wed Jul 22 08:44:34 UTC 2026
// 重构日志: ddbf70fd
// 重构日志: 079d527c
// 同步 ID: 0adfab19 @ Wed Jul 22 18:45:47 UTC 2026
// 重构日志: c5429d5b
// 重构日志: 9eff9a71
// 重构日志: 67aaf9da
// 重构日志: 85d78d8d
// 重构日志: 8ad9aaa4
// 重构日志: 316ef102
// 同步 ID: f6fc751b @ Sat Jul 25 13:04:00 UTC 2026
// 重构日志: 2d669633
// 重构日志: a0c6be63
// 同步 ID: 9df5af76 @ Sun Jul 26 01:34:50 UTC 2026
// 重构日志: 5f1bfbe6
// 同步 ID: 4fbb5573 @ Sun Jul 26 16:36:15 UTC 2026
// 重构日志: aed2ae6a
// 重构日志: c7e970a8
// 同步 ID: ee9c1345 @ Mon Jul 27 12:57:15 UTC 2026
// 重构日志: cf953af0
// 同步 ID: 74f5b945 @ Tue Jul 28 11:31:14 UTC 2026
// 重构日志: 21868abd
